
<DESCRIBE::>group 1

<IT::>test 1

<PASSED::>Test Passed

<COMPLETEDIN::>1

<IT::>test 2

<PASSED::>Test Passed

<COMPLETEDIN::>0

<COMPLETEDIN::>
