
<DESCRIBE::>group 1

<IT::>test 1

<PASSED::>Test Passed

<COMPLETEDIN::>1

<COMPLETEDIN::>

<DESCRIBE::>group 2

<IT::>test 1

<PASSED::>Test Passed

<COMPLETEDIN::>1

<COMPLETEDIN::>
