
<IT::>test 1

<FAILED::>Test Failed

<LOG:HTML:Failure><pre class="ansi"><code>Error: expect(received).toBe(expected) // Object.is equality<:LF:><:LF:>Expected: 2<:LF:>Received: 1</code></pre>

<COMPLETEDIN::>3

<LOG:HTML:Failures><pre class="ansi"><code>‚óè test 1<:LF:><:LF:>    expect(received).toBe(expected) // Object.is equality<:LF:><:LF:>    Expected: 2<:LF:>    Received: 1<:LF:><:LF:>      1 | test("test 1", () =&gt; {<:LF:>    &gt; 2 |   expect(1).toBe(2);<:LF:>        |             ^<:LF:>      3 | });<:LF:>      4 | <:LF:><:LF:>      at Object.&lt;anonymous&gt; (fixtures/toplevel-test-failing.js:2:13)</code></pre>
